This is XeTeX, Version 3.141592653-2.6-0.999998 (TeX Live 2026) (preloaded format=xelatex 2026.5.17)  29 MAY 2026 00:18
entering extended mode
 restricted \write18 enabled.
 %&-line parsing enabled.
**report.tex
(./report.tex
LaTeX2e <2025-11-01>
L3 programming layer <2026-01-19>
(/usr/local/texlive/2026/texmf-dist/tex/latex/base/article.cls
Document Class: article 2025/01/22 v1.4n Standard LaTeX document class
(/usr/local/texlive/2026/texmf-dist/tex/latex/base/size11.clo
File: size11.clo 2025/01/22 v1.4n Standard LaTeX file (size option)
)
\c@part=\count271
\c@section=\count272
\c@subsection=\count273
\c@subsubsection=\count274
\c@paragraph=\count275
\c@subparagraph=\count276
\c@figure=\count277
\c@table=\count278
\abovecaptionskip=\skip49
\belowcaptionskip=\skip50
\bibindent=\dimen148
) (./colacl.sty

ALTW 2005 Proceedings style -- June 7th 2005
derived from
ACL-COLING 1998 Proceedings style -- March 31st 1998

\titlebox=\skip51
) (/usr/local/texlive/2026/texmf-dist/tex/latex/graphics/graphicx.sty
Package: graphicx 2024/12/31 v1.2e Enhanced LaTeX Graphics (DPC,SPQR)

(/usr/local/texlive/2026/texmf-dist/tex/latex/graphics/keyval.sty
Package: keyval 2022/05/29 v1.15 key=value parser (DPC)
\KV@toks@=\toks17
)
(/usr/local/texlive/2026/texmf-dist/tex/latex/graphics/graphics.sty
Package: graphics 2024/08/06 v1.4g Standard LaTeX Graphics (DPC,SPQR)

(/usr/local/texlive/2026/texmf-dist/tex/latex/graphics/trig.sty
Package: trig 2023/12/02 v1.11 sin cos tan (DPC)
)
(/usr/local/texlive/2026/texmf-dist/tex/latex/graphics-cfg/graphics.cfg
File: graphics.cfg 2016/06/04 v1.11 sample graphics configuration
)
Package graphics Info: Driver file: xetex.def on input line 106.

(/usr/local/texlive/2026/texmf-dist/tex/latex/graphics-def/xetex.def
File: xetex.def 2025/11/01 v5.0p Graphics/color driver for xetex
))
\Gin@req@height=\dimen149
\Gin@req@width=\dimen150
)
(/usr/local/texlive/2026/texmf-dist/tex/latex/float/float.sty
Package: float 2001/11/08 v1.3d Float enhancements (AL)
\c@float@type=\count279
\float@exts=\toks18
\float@box=\box53
\@float@everytoks=\toks19
\@floatcapt=\box54
)
(/usr/local/texlive/2026/texmf-dist/tex/latex/l3backend/l3backend-xetex.def
File: l3backend-xetex.def 2025-10-09 L3 backend support: XeTeX
\g__graphics_track_int=\count280
\g__pdfannot_backend_int=\count281
\g__pdfannot_backend_link_int=\count282
)
(./report.aux)
\openout1 = `report.aux'.

LaTeX Font Info:    Checking defaults for OML/cmm/m/it on input line 28.
LaTeX Font Info:    ... okay on input line 28.
LaTeX Font Info:    Checking defaults for OMS/cmsy/m/n on input line 28.
LaTeX Font Info:    ... okay on input line 28.
LaTeX Font Info:    Checking defaults for OT1/cmr/m/n on input line 28.
LaTeX Font Info:    ... okay on input line 28.
LaTeX Font Info:    Checking defaults for T1/cmr/m/n on input line 28.
LaTeX Font Info:    ... okay on input line 28.
LaTeX Font Info:    Checking defaults for TS1/cmr/m/n on input line 28.
LaTeX Font Info:    ... okay on input line 28.
LaTeX Font Info:    Checking defaults for TU/lmr/m/n on input line 28.
LaTeX Font Info:    ... okay on input line 28.
LaTeX Font Info:    Checking defaults for OMX/cmex/m/n on input line 28.
LaTeX Font Info:    ... okay on input line 28.
LaTeX Font Info:    Checking defaults for U/cmr/m/n on input line 28.
LaTeX Font Info:    ... okay on input line 28.
LaTeX Font Info:    External font `cmex10' loaded for size
(Font)              <12> on input line 29.
LaTeX Font Info:    External font `cmex10' loaded for size
(Font)              <8> on input line 29.
LaTeX Font Info:    External font `cmex10' loaded for size
(Font)              <6> on input line 29.


LaTeX Warning: No \author given.


Underfull \hbox (badness 1412) in paragraph at lines 66--75
[]\TU/lmr/m/n/10.95 I also used ImageNet-pretrained convolu-
 []


Underfull \hbox (badness 1205) in paragraph at lines 78--84
\TU/lmr/m/n/10.95 I evaluated linear, non-linear, probabilistic,
 []


Underfull \hbox (badness 1158) in paragraph at lines 86--93
\TU/lmr/m/n/10.95 validation splits for the main result tables
 []


Underfull \hbox (badness 1635) in paragraph at lines 86--93
\TU/lmr/m/n/10.95 validation during hyperparameter screening.
 []

[1



]
LaTeX Font Info:    External font `cmex10' loaded for size
(Font)              <7> on input line 114.
LaTeX Font Info:    External font `cmex10' loaded for size
(Font)              <5> on input line 114.

Underfull \hbox (badness 3168) in paragraph at lines 120--120
[]\TU/lmr/m/n/10 HOG + additional +
 []


Overfull \hbox (1.2503pt too wide) in paragraph at lines 114--124
 [][] 
 []

LaTeX Font Info:    External font `cmex10' loaded for size
(Font)              <10.95> on input line 176.
LaTeX Font Info:    External font `cmex10' loaded for size
(Font)              <9> on input line 193.

Overfull \hbox (11.73232pt too wide) in paragraph at lines 193--206
 [][] 
 []


Underfull \hbox (badness 1097) in paragraph at lines 211--223
\TU/lmr/m/n/10.95 The final feature choices also reflected the
 []

[2]
Underfull \hbox (badness 7168) in paragraph at lines 246--253
[]\TU/lmr/m/n/10.95 The improvement from ResNet-50 and
 []


Underfull \hbox (badness 1454) in paragraph at lines 246--253
\TU/lmr/m/n/10.95 EfficientNet-V2-M to EfficientNet-V2-L sug-
 []


Underfull \hbox (badness 1460) in paragraph at lines 255--261
\TU/lmr/m/n/10.95 Classifier choice still mattered, but its ef-
 []

[3]
Underfull \hbox (badness 1281) in paragraph at lines 292--300
\TU/lmr/m/n/10.95 EfficientNet-V2-L representation, both Ran-
 []

File: ../outputs/figures/task2_random_forest_confusion_matrix.png Graphic file 
(type bmp)
<../outputs/figures/task2_random_forest_confusion_matrix.png>

Underfull \hbox (badness 1360) in paragraph at lines 318--325
\TU/lmr/m/n/10.95 strength and limitation of the current ap-
 []

[4] (./report.bbl) [5

] (./report.aux)
 ***********
LaTeX2e <2025-11-01>
L3 programming layer <2026-01-19>
 ***********
 ) 
Here is how much of TeX's memory you used:
 1082 strings out of 468168
 18879 string characters out of 5432815
 450408 words of memory out of 5000000
 29830 multiletter control sequences out of 15000+600000
 632357 words of font info for 64 fonts, out of 8000000 for 9000
 1348 hyphenation exceptions out of 8191
 57i,10n,65p,201b,252s stack positions out of 10000i,1000n,20000p,200000b,200000s

Output written on report.pdf (5 pages).
